../Core/Src/main.c:94:6:HAL_UART_RxCpltCallback	16	static
../Core/Src/main.c:108:6:process_hb	8	static
../Core/Src/main.c:114:6:task_write_uart	8	static
../Core/Src/main.c:119:6:task_parse	40	static
../Core/Src/main.c:140:5:main	8	static
../Core/Src/main.c:210:6:SystemClock_Config	112	static
../Core/Src/main.c:255:13:MX_SPI2_Init	8	static
../Core/Src/main.c:295:13:MX_TIM1_Init	96	static
../Core/Src/main.c:370:13:MX_TIM17_Init	8	static
../Core/Src/main.c:402:13:MX_USART1_UART_Init	8	static
../Core/Src/main.c:435:13:MX_DMA_Init	16	static
../Core/Src/main.c:456:13:MX_GPIO_Init	56	static
../Core/Src/main.c:517:6:HAL_TIM_PeriodElapsedCallback	16	static
../Core/Src/main.c:531:6:Error_Handler	8	static,ignoring_inline_asm
