../Core/Src/main.c:81:6:Set_LED	24	static
../Core/Src/main.c:89:6:RGBW_Set	24	static
../Core/Src/main.c:98:6:RGBW_init	24	static
../Core/Src/main.c:118:6:RGBW_set_led	40	static
../Core/Src/main.c:134:6:RGBW_Send	32	static
../Core/Src/main.c:168:6:WS2812_Send	32	static
../Core/Src/main.c:200:6:HAL_TIM_PWM_PulseFinishedCallback	16	static
../Core/Src/main.c:211:6:HAL_UART_RxCpltCallback	16	static
../Core/Src/main.c:225:6:process_hb	8	static
../Core/Src/main.c:232:6:task_read_spi	8	static
../Core/Src/main.c:240:6:task_write_uart	8	static
../Core/Src/main.c:245:6:task_parse	40	static
../Core/Src/main.c:258:6:task_update_rgb	16	static
../Core/Src/main.c:270:5:main	16	static
../Core/Src/main.c:348:6:SystemClock_Config	112	static
../Core/Src/main.c:393:13:MX_SPI2_Init	8	static
../Core/Src/main.c:433:13:MX_TIM1_Init	96	static
../Core/Src/main.c:508:13:MX_TIM17_Init	8	static
../Core/Src/main.c:540:13:MX_USART1_UART_Init	8	static
../Core/Src/main.c:573:13:MX_DMA_Init	16	static
../Core/Src/main.c:594:13:MX_GPIO_Init	56	static
../Core/Src/main.c:655:6:HAL_TIM_PeriodElapsedCallback	16	static
../Core/Src/main.c:669:6:Error_Handler	8	static,ignoring_inline_asm
